# 参数

jvm 在启动的时候, 会执行默认的一些参数. 也可以自行手动配置修改这些参数.

## 基础参数

    -Xms: 设置 JVM 初始堆内存分配大小, 如: -Xms512m
    -Xmx: 设置 JVM 最大堆内存使用量大小, 如: -Xmx512m
    -Xmn: 设置 JVM 堆内存中新生代的大小
    -Xss: 设置线程堆栈大小, 如: -Xss1m/-Xss1024k/-Xss1048576, 默认单位字节, 默认值取决于虚拟内存, 一般都是几百 k 的大小.

    -XX:MetaspaceSize: 设置元空间大小, jdk8 之前是永久代, 使用: -XX:PermSize. 
    -XX:MaxMetaspaceSize: 设置元空间最大值, jdk8 之前是永久代, 使用: -XX:MaxPermSize. 永久区内存用光也会导致OOM的发生

    -XX:NewRatio: 设置新生代和老年代大小之间的比率. 默认为 2, 表示 新生代:老年代 = 1:2
    -XX:SurvivorRatio: 设置伊甸园空间大小和幸存者空间大小之间的比率. 默认为 8, 表示 Eden:S0:S1=8:1:1

    -XX:PretenureSizeThreshold=6m: 设置新生代阈值为 6m, 超过这个大小的对象将直接放入老年代
    -XX:MaxTenuringThreshold=15: 长期存活的对象到多少岁才会进入老年代
       
    -XX:+HandlePromotionFailure: 空间分配担保, 检查老年代最大可用的连续空间是否大于历次晋升到老年代对象的平均大小

## verbose:gc

    在控制台输出有关每次垃圾回收(gc)事件的信息
    注: 每次执行 gc 都会打印输出, 包括 Young gc 和 Full gc

    输出内容如下

    [GC (System.gc())  18104K->11168K(500736K), 0.0037140 secs]             // Young gc
    [Full GC (System.gc())  11168K->10851K(500736K), 0.0027950 secs]        // Full gc

    从上述两行中可以清晰的看出, 第一行是执行了一次 Young gc 的信息, 第二行是执行了一次 Full gc 的信息
    其中 System.gc() 表示是代码中主动调用 System.gc() 引发的
    18104K->11168K(500736K) 解释
        18104K: gc 执行前堆内存的大小
        11168K: gc 执行后堆内存的大小
        500736K: 表示堆内存的总大小
    0.0037140 secs: 本次 gc 一共执行了多长时间, 单位秒

## -XX:+PrintGCDetails

    允许在每次 gc 时打印详细信息, 默认禁用
    在启动脚本可以自动开启 -XX:+PrintGC, 如果在命令行使用jinfo开启的话, 不会自动开启 -XX:+PrintGC

    输出内容如下

    1: [GC (System.gc()) [PSYoungGen: 2621K->0K(152576K)] 13828K->11207K(500736K), 0.0008186 secs] [Times: user=0.00 sys=0.00, real=0.00 secs] 
    2: [Full GC (System.gc()) [PSYoungGen: 0K->0K(152576K)] [ParOldGen: 11207K->11206K(348160K)] 11207K->11206K(500736K), [Metaspace: 3804K->3804K(1056768K)], 0.0050739 secs] [Times: user=0.00 sys=0.00, real=0.00 secs]
    3: Heap // 堆信息
    4:     PSYoungGen      total 152576K, used 1311K [0x0000000716300000, 0x0000000720d00000, 0x00000007c0000000)   // 新生代, total-总大小(eden + 单个 from, 因为 from和to 的概念只会被使用一个, 所以只加一个), used-已使用大小
    5:         eden space 131072K, 1% used [0x0000000716300000,0x0000000716447c58,0x000000071e300000)               // 伊甸园区, 131072K 代表总大小, 1% used 代表使用了 1%
    6:         from space 21504K, 0% used [0x000000071e300000,0x000000071e300000,0x000000071f800000)                // 幸存者区, 同 eden
    7:         to   space 21504K, 0% used [0x000000071f800000,0x000000071f800000,0x0000000720d00000)                // 幸存者区, 同 eden
    8:     ParOldGen       total 348160K, used 11206K [0x00000005c2800000, 0x00000005d7c00000, 0x0000000716300000)  // 老年代, total 348160K 表示总大小, used 11206K 表示已使用
    9:         object space 348160K, 3% used [0x00000005c2800000,0x00000005c32f1a10,0x00000005d7c00000)             // 老年代, 348160K 跟上一行的 total 一致, 后面是已使用的百分比, 改行是对上一行的百分比表示
    10:    Metaspace       used 3810K, capacity 4536K, committed 4864K, reserved 1056768K                           // 元数据, used-加载的类的空间量, capacity-当前分配块的元数据的空间, committed-空间块的数量, reserved-是 jvm 启动时根据参数和操作系统预留的内存大小(并不一定是提交)
    11:        class space    used 420K, capacity 428K, committed 512K, reserved 1048576K                           // 用于放 class 的内存, 方法区? 

    1,2 两行是每次执行 gc 都会打印
    其它行是在程序运行结束打印(PS: main 函数是这样子的)

    第一行解释(Young gc)
        PSYoungGen: 表示新生代使用的是多线程垃圾回收器(Parallel Scavenge)
            2621K->0K(152576K): gc 前后新生代内存大小变化, 括号内的是新生代内存的总大小
        13828K->11207K(500736K): gc 前后堆内存的大小变化, 括号内的是堆内存的总大小
        0.0008186 secs: gc 耗时
        [Times: user=0.00 sys=0.00, real=0.00 secs]: 
            user: Young gc 用户耗时
            sys: Young gc 系统耗时
            real: Young gc 实际耗时

    第二行解释(Full gc)
        PSYoungGen: 新生代区信息
            0K->0K(152576K): gc 前后新生代内存大小变化, 括号内的是新生代内存的总大小
        ParOldGen: 老年代区信息 
            11207K->11206K(348160K): gc 执行前后老年代的内存变化, 括号内的是老年代内存的总大小
        11207K->11206K(500736K): gc 执行前后堆内存的大小变化, 括号内的是堆内存的总大小, 这个数值不包含元数据区的大小
        Metaspace: 元数据区信息 
            3804K->3804K(1056768K): gc 执行前后元数据区的大小变化, 括号内的是元数据去的内存总大小
        0.0050739 secs: 执行耗时
        [Times: user=0.00 sys=0.00, real=0.00 secs]: 
            user: Young gc 用户耗时
            sys: Young gc 系统耗时
            real: Young gc 实际耗时

    其它行解释:
        0x开头的那三个分别代表的是 底边界，当前边界，高边界。也就是新生代这片内存的起始点，当前使用到的地方和最大的内存地点。

    10,11 行为元空间信息, 以下解释其含义
        used: 加载的类的空间量
        capacity: 当前分配块的源数据空间
        committed: 空间块的大小
        reserved: 元数据的空间保留的量（并不一定是提交）
        
        Metaspace是由一个或则多个虚拟空间组成，虚拟空间的单位是Chunk.

        当使用一个 ClassLoader 去加载类的时候, 执行过程如下:
        1: 当前的 ClassLoader 是否有对应的 Chunk, 且空间数量是否充足
        2: 查询空闲列表中有没有空闲的 Chunk
        3: 如果没有, 就从当前的虚拟空间中分配一个 Chunk, 这个时候会把对应的空间进行提交, 这个就是commit
        4: 如果当前的虚拟空间不足，则会预留一个新的虚拟空间

        reserved 是 JVM 启动时根据参数和操作系统预留的内存大小
        committed 是被commit 的 Chunk 空间
        capacity 是那些被实际分配的 Chunk 大小之和

        因为有 GC 的存在, 有些 Chunk 的数据可能会被回收, 那么这些 Chunk 属于 committed 的一部分, 但不属于 capacity
        另外, 这些被分配的 Chunk, 基本很难被 100% 用完, 存在碎片内存的情况, 这些 Chunk 实际被使用的内存之和即 used 的大小

        注: 如何一个服务中被代理的方法特别特别多, 就可能存在创建特别特别多的 ClassLoader 对象, 一个 ClassLoader 对象至少需要一个 Chunk, 
            这个 Chunk 可能只放一个 class 信息, 那么就存在特别特别严重的内存碎片, 继而就存在一个隐患, 可能发生特别频繁的 Full gc, 而且是由 Metaspace 不足引起的.

## -XX:+CrashOnOutOfMemoryError

    在出现 oom 异常的时候会抛出错误, 并且打印 GC 日志
    
    如果出现 oom 异常从日志可以看到会先进行多次 Young GC, 后面 Young GC 解决不了问题又会执行多次的 Full GC, Full GC 之后发现还解决不了问题则会抛出 OOM 异常

# -Xloggc:gc.log

    打印 gc 日志到 gc.log 文件中去

## -XX:+HeapDumpOnOutOfMemoryError & -XX:HeapDumpPath=./server.dump

    -XX:+HeapDumpOnOutOfMemoryError: 当出现 OOM 的时候导出堆信息到文件
    -XX:HeapDumpPath=./server.dump: 导出的对信息文件路径配置

    这两个参数配合使用, 最终导出的 server.dump 可以使用 mat 进行查看(具体参考 gc 调优中 mat 的使用)
